{
  "extracted_invoice_values": {
    "invoice_number": "157",
    "patient_name": "Haresh Chavan",
    "services": [
      {
        "service": "Professional Services rendered",
        "amount": 800,
        "quantity": 1,
        "department": "consultation",
        "unit": null,
        "mrp": 0,
        "cgst": 0,
        "cgst_type": null,
        "sgst": 0,
        "sgst_type": null,
        "gst": 0,
        "gst_type": null
      }
    ],
    "total_amount": 800,
    "doctor_name": "Dr. Pravin Jadhav",
    "facility": "Dr. Pravin Jadhav, Consulting Orthopaedician (MMC MBBS, MS. No. 2006/03/1565) (Orthopedics), Mob.: 7718009762",
    "invoice_date": "10 / 4 / 2024",
    "payment_mode": "Cheque/Cash",
    "patient_age": null,
    "patient_gender": null,
    "patient_contact": null,
    "cgst": 0,
    "cgst_type": null,
    "sgst": 0,
    "sgst_type": null,
    "gst": 0,
    "gst_type": null,
    "discount": 0,
    "mrp": 0,
    "round_off": 0
  }
}