{
  "extracted_invoice_values": {
    "invoice_number": "233",
    "patient_name": "Kallikeyen",
    "services": [
      {
        "service": "Consultation",
        "amount": 400,
        "quantity": 1,
        "department": "consultation",
        "unit": null,
        "mrp": 0,
        "cgst": 0,
        "cgst_type": null,
        "sgst": 0,
        "sgst_type": null,
        "gst": 0,
        "gst_type": null
      }
    ],
    "total_amount": 400,
    "doctor_name": "Dr. (Mrs.) E. GEETHA",
    "facility": "Dr. (Mrs.) E. GEETHA, M.B.B.S., D.G.O., C-68, Hindu Colony, M.G.R. Road, NANGANALLUR, CHENNAI - 600 061. Phone : 98405 73487 / 2224 1195 / 98403 06619",
    "invoice_date": "5/0 24",
    "payment_mode": null,
    "patient_age": null,
    "patient_gender": null,
    "patient_contact": null,
    "cgst": 0,
    "cgst_type": null,
    "sgst": 0,
    "sgst_type": null,
    "gst": 0,
    "gst_type": null,
    "discount": 0,
    "mrp": 0,
    "round_off": 0
  }
}